00002000 00000028 ti_sysbios_heaps_HeapMem_Module__FXNS__C
00002028 00000024 ti_sysbios_gates_GateHwi_Module__FXNS__C
0000204c 00000024 ti_sysbios_gates_GateMutex_Module__FXNS__C
00002070 00000020 ti_sysbios_family_arm_m3_Hwi_Object__DESC__C
00002090 00000020 ti_sysbios_gates_GateHwi_Object__DESC__C
000020b0 00000020 ti_sysbios_gates_GateMutex_Object__DESC__C
000020d0 00000020 ti_sysbios_hal_Hwi_Object__DESC__C
000020f0 00000020 ti_sysbios_heaps_HeapMem_Object__DESC__C
00002110 00000020 ti_sysbios_knl_Clock_Object__DESC__C
00002130 00000020 ti_sysbios_knl_Event_Object__DESC__C
00002150 00000020 ti_sysbios_knl_Mailbox_Object__DESC__C
00002170 00000020 ti_sysbios_knl_Queue_Object__DESC__C
00002190 00000020 ti_sysbios_knl_Semaphore_Object__DESC__C
000021b0 00000020 ti_sysbios_knl_Swi_Object__DESC__C
000021d0 00000020 ti_sysbios_knl_Task_Object__DESC__C
000021f0 00000008 ti_sysbios_knl_Idle_funcList__C
000021f8 00000004 ti_sysbios_family_arm_cc26xx_Timer_startupNeeded__C
000021fc 00000004 ti_sysbios_family_arm_m3_Hwi_E_alreadyDefined__C
00002200 00000004 ti_sysbios_family_arm_m3_Hwi_E_hwiLimitExceeded__C
00002204 00000004 ti_sysbios_family_arm_m3_Hwi_NUM_INTERRUPTS__C
00002208 00000004 ti_sysbios_family_arm_m3_Hwi_Object__count__C
0000220c 00000004 ti_sysbios_family_arm_m3_Hwi_Object__table__C
00002210 00000004 ti_sysbios_family_arm_m3_Hwi_ccr__C
00002214 00000004 ti_sysbios_family_arm_m3_Hwi_excHandlerFunc__C
00002218 00000004 ti_sysbios_family_arm_m3_Hwi_nullIsrFunc__C
0000221c 00000004 ti_sysbios_family_arm_m3_Hwi_numSparseInterrupts__C
00002220 00000004 ti_sysbios_family_arm_m3_Hwi_priGroup__C
00002224 00000004 ti_sysbios_family_arm_m3_TaskSupport_stackAlignment__C
00002228 00000004 ti_sysbios_heaps_HeapMem_E_memory__C
0000222c 00000004 ti_sysbios_heaps_HeapMem_Module__gateObj__C
00002230 00000004 ti_sysbios_heaps_HeapMem_Object__count__C
00002234 00000004 ti_sysbios_heaps_HeapMem_Object__table__C
00002238 00000004 ti_sysbios_heaps_HeapMem_reqAlign__C
0000223c 00000004 ti_sysbios_knl_Clock_triggerClock__C
00002240 00000004 ti_sysbios_knl_Mailbox_Object__count__C
00002244 00000004 ti_sysbios_knl_Mailbox_Object__table__C
00002248 00000004 ti_sysbios_knl_Mailbox_maxTypeAlign__C
0000224c 00000004 ti_sysbios_knl_Queue_Object__count__C
00002250 00000004 ti_sysbios_knl_Queue_Object__table__C
00002254 00000004 ti_sysbios_knl_Semaphore_eventPost__C
00002258 00000004 ti_sysbios_knl_Semaphore_eventSync__C
0000225c 00000004 ti_sysbios_knl_Swi_Object__count__C
00002260 00000004 ti_sysbios_knl_Swi_Object__table__C
00002264 00000004 ti_sysbios_knl_Swi_numPriorities__C
00002268 00000004 ti_sysbios_knl_Task_Object__count__C
0000226c 00000004 ti_sysbios_knl_Task_Object__table__C
00002270 00000004 ti_sysbios_knl_Task_allBlockedFunc__C
00002274 00000004 ti_sysbios_knl_Task_defaultStackHeap__C
00002278 00000004 ti_sysbios_knl_Task_defaultStackSize__C
0000227c 00000004 ti_sysbios_knl_Task_numConstructedTasks__C
00002280 00000002 ti_sysbios_family_arm_cc26xx_Timer_Module__id__C
00002282 00000002 ti_sysbios_family_arm_cc26xx_TimestampProvider_useClockTimer__C
00002284 00000002 ti_sysbios_family_arm_m3_Hwi_Module__id__C
00002286 00000002 ti_sysbios_gates_GateHwi_Module__id__C
00002288 00000002 ti_sysbios_gates_GateMutex_Module__id__C
0000228a 00000002 ti_sysbios_heaps_HeapMem_Module__id__C
0000228c 00000002 ti_sysbios_knl_Task_initStackFlag__C
0000228e 00000001 ti_sysbios_knl_Clock_tickMode__C
00002290 00000008 xdc_runtime_Startup_firstFxns__C
00002298 00000008 xdc_runtime_Startup_lastFxns__C
000022a0 00000004 xdc_runtime_Assert_E_assertFailed__C
000022a4 00000004 xdc_runtime_Error_E_memory__C
000022a8 00000004 xdc_runtime_Error_policyFxn__C
000022ac 00000004 xdc_runtime_Error_raiseHook__C
000022b0 00000004 xdc_runtime_IGateProvider_Interface__BASE__C
000022b4 00000004 xdc_runtime_IHeap_Interface__BASE__C
000022b8 00000004 xdc_runtime_IModule_Interface__BASE__C
000022bc 00000004 xdc_runtime_Memory_defaultHeapInstance__C
000022c0 00000004 xdc_runtime_Startup_execImpl__C
000022c4 00000004 xdc_runtime_Startup_maxPasses__C
000022c8 00000004 xdc_runtime_Startup_sfxnRts__C
000022cc 00000004 xdc_runtime_Startup_sfxnTab__C
000022d0 00000004 xdc_runtime_Startup_startModsFxn__C
000022d4 00000004 xdc_runtime_SysCallback_abortFxn__C
000022d8 00000004 xdc_runtime_SysCallback_exitFxn__C
000022dc 00000004 xdc_runtime_System_abortFxn__C
000022e0 00000004 xdc_runtime_System_exitFxn__C
000022e4 00000004 xdc_runtime_System_maxAtexitHandlers__C
000022e8 00000004 xdc_runtime_Text_charTab__C
000022ec 00000004 xdc_runtime_Text_nameEmpty__C
000022f0 00000004 xdc_runtime_Text_nameStatic__C
000022f4 00000004 xdc_runtime_Text_nameUnknown__C
000022f8 00000002 xdc_runtime_Error_maxDepth__C
000022fa 00000002 xdc_runtime_Memory_Module__id__C
000022fc 00000002 xdc_runtime_Text_charCnt__C
000022fe 00000002 xdc_runtime_Text_isLoaded__C
00002300 00000001 xdc_runtime_Error_policy__C
00002304 00000004 ti_sysbios_rom_ROM_ti_sysbios_family_arm_cc26xx_Timer_getCount64__E
00002308 00000004 ti_sysbios_rom_ROM_ti_sysbios_family_arm_cc26xx_Timer_getCurrentTick__E
0000230c 00000004 ti_sysbios_rom_ROM_ti_sysbios_family_arm_cc26xx_Timer_getMaxTicks__E
00002310 00000004 ti_sysbios_rom_ROM_ti_sysbios_family_arm_cc26xx_Timer_initDevice__I
00002314 00000004 ti_sysbios_rom_ROM_ti_sysbios_family_arm_cc26xx_Timer_setNextTick__E
00002318 00000004 ti_sysbios_rom_ROM_ti_sysbios_family_arm_cc26xx_Timer_setThreshold__I
0000231c 00000004 ti_sysbios_rom_ROM_ti_sysbios_family_arm_cc26xx_Timer_start__E
00002320 00000004 ti_sysbios_rom_ROM_ti_sysbios_family_arm_cc26xx_TimestampProvider_get32__E
00002324 00000004 ti_sysbios_rom_ROM_xdc_runtime_Startup_getState__I
00002328 00000004 ti_sysbios_rom_ROM_xdc_runtime_System_SupportProxy_abort__E
0000232c 00000004 ti_sysbios_rom_ROM_xdc_runtime_System_SupportProxy_exit__E
